
> ai-freelance-vercel-build-demo@1.0.0 build
> next build

▲ Next.js 16.3.4 (Turbopack)
✓ Running next.config.ts took 10ms

  Creating an optimized production build ...
✓ Compiled successfully in 612ms
  Running TypeScript ...
  Finished TypeScript in 576ms ...
  Collecting page data using 5 workers ...
  Generating static pages using 5 workers (0/4) ...
  Generating static pages using 5 workers (1/4)
  Generating static pages using 5 workers (2/4)
  Generating static pages using 5 workers (3/4)
✓ Generating static pages using 5 workers (4/4) in 175ms
  Finalizing page optimization ...

Route (app)
┌ ○ /
├ ○ /_not-found
└ ○ /deployment-info


○  (Static)  prerendered as static content
