
> ai-freelance-vercel-build-demo@1.0.0 test:e2e
> playwright test

[WebServer] (node:49459) Warning: The 'NO_COLOR' env is ignored due to the 'FORCE_COLOR' env being set.
[WebServer] (Use `node --trace-warnings ...` to show where the warning was created)

Running 5 tests using 5 workers

(node:49463) Warning: The 'NO_COLOR' env is ignored due to the 'FORCE_COLOR' env being set.
(Use `node --trace-warnings ...` to show where the warning was created)
(node:49464) Warning: The 'NO_COLOR' env is ignored due to the 'FORCE_COLOR' env being set.
(Use `node --trace-warnings ...` to show where the warning was created)
(node:49460) Warning: The 'NO_COLOR' env is ignored due to the 'FORCE_COLOR' env being set.
(Use `node --trace-warnings ...` to show where the warning was created)
(node:49461) Warning: The 'NO_COLOR' env is ignored due to the 'FORCE_COLOR' env being set.
(Use `node --trace-warnings ...` to show where the warning was created)
(node:49462) Warning: The 'NO_COLOR' env is ignored due to the 'FORCE_COLOR' env being set.
(Use `node --trace-warnings ...` to show where the warning was created)
  ✓  1 [chromium] › e2e/application.spec.ts:3:5 › home serves successfully with application identity (322ms)
  ✓  3 [chromium] › e2e/application.spec.ts:9:5 › deployment details are directly addressable (322ms)
  ✓  5 [chromium] › e2e/application.spec.ts:32:5 › mobile routes remain usable without horizontal overflow (378ms)
  ✓  2 [chromium] › e2e/application.spec.ts:25:5 › missing page returns 404 and supports recovery (412ms)
  ✓  4 [chromium] › e2e/application.spec.ts:15:5 › navigation connects both pages without browser errors (464ms)

  5 passed (1.4s)
